// Jest Snapshot v1, https://goo.gl/fbAQLP

exports[`ListOfElements should render correctly 1`] = `ShallowWrapper {}`;
